
> my-kimai@0.1.0 build
> next build

  Ôû▓ Next.js 14.2.35
  - Environments: .env.local, .env

   Creating an optimized production build ...
 Ô£ô Compiled successfully
   Linting and checking validity of types ...
   Collecting page data ...
node.exe : PrismaClientConstructorValidationError: 
Using engine type "client" requires either "adapter" 
or "accelerateUrl" to be provided to PrismaClient 
constructor.
En línea: 1 Carácter: 1
+ & "C:\Program Files\nodejs/node.exe" "C:\Program 
Files\nodejs/node_mo ...
+ ~~~~~~~~~~~~~~~~~~~~~~~~~~~~~~~~~~~~~~~~~~~~~~~~~~~~
~~~~~~~~~~~~~~~~~
    + CategoryInfo          : NotSpecified: (PrismaCl 
   ientCon...nt constructor.:String) [], RemoteExcep  
  tion
    + FullyQualifiedErrorId : NativeCommandError
 
Read more at https://pris.ly/d/client-constructor
    at qd (C:\Users\loyol\Documents\MyKimai\node_modul
es\@prisma\client\runtime\client.js:66:3615)
    at yl (C:\Users\loyol\Documents\MyKimai\node_modul
es\@prisma\client\runtime\client.js:66:3916)
    at new t (C:\Users\loyol\Documents\MyKimai\node_mo
dules\@prisma\client\runtime\client.js:70:1241)
    at 82257 (C:\Users\loyol\Documents\MyKimai\.next\s
erver\chunks\280.js:1:16962)
    at t (C:\Users\loyol\Documents\MyKimai\.next\serve
r\webpack-runtime.js:1:142)
    at 57509 (C:\Users\loyol\Documents\MyKimai\.next\s
erver\chunks\280.js:1:15648)
    at t (C:\Users\loyol\Documents\MyKimai\.next\serve
r\webpack-runtime.js:1:142)
    at 61718 (C:\Users\loyol\Documents\MyKimai\.next\s
erver\app\dashboard\hour-packages\page.js:1:696)
    at t (C:\Users\loyol\Documents\MyKimai\.next\serve
r\webpack-runtime.js:1:142)
    at a (C:\Users\loyol\Documents\MyKimai\.next\serve
r\app\dashboard\hour-packages\page.js:1:18041)

> Build error occurred
Error: Failed to collect page data for 
/dashboard/hour-packages
    at C:\Users\loyol\Documents\MyKimai\node_modules\n
ext\dist\build\utils.js:1269:15
    at process.processTicksAndRejections 
(node:internal/process/task_queues:105:5) {
  type: 'Error'
}
